// Jest Snapshot v1, https://goo.gl/fbAQLP

exports[`assertifies a "then"-labeled expression statement 1`] = `"then: assert(1 === 1);"`;

exports[`assertifies all expression statements in a labeled block statement 1`] = `
"expect: {
  assert(1 === 1);
  assert(0.5 * 4 < 3);
  assert(abc.xyz() === 'result');
  assert(((x, y) => x === y)(42, 42));
}"
`;

exports[`assertifies an "expect"-labeled expression statement 1`] = `"expect: assert(1 === 1);"`;

exports[`assertifies inside an if / else statement 1`] = `
"if (1 < 2) {
  expect: assert(1 < 2);
} else {
  expect: assert(1 >= 2);
}"
`;

exports[`does not assertify a "when"-labeled expression statement 1`] = `"when: 1 === 1;"`;

exports[`throws if a statement is not an expression statement 1`] = `
"undefined: Expected an expression statement, but got a statement of type IfStatement
> 1 | expect: if(true);
    |         ^"
`;
