// Jest Snapshot v1, https://goo.gl/fbAQLP

exports[`interaction blocks work 1`] = `"ExpectationError: Expected method([...]) twice (called once)"`;
