// Jest Snapshot v1, https://goo.gl/fbAQLP

exports[`generates import with specified name when autoImport is set 1`] = `
"import check from \\"power-assert\\";

expect: check(1 === 1);"
`;

exports[`generates specified assert function 1`] = `"expect: check(1 === 1);"`;
