// Jest Snapshot v1, https://goo.gl/fbAQLP

exports[`leaves unrelated assert statements untouched 1`] = `
"\\"use strict\\";

const assert = require('power-assert');

assert(1 === 2);"
`;

exports[`prints a nice error for an "expected"-labeled expression statement 1`] = `
"  # test.js:2
  
  assert(1 === 2)
           |     
           false 
  
  [number] 2
  => 2
  [number] 1
  => 1
  "
`;

exports[`still works if babel-plugin-espower is used for other assertions in the file 1`] = `
"  # test.js:3
  
  assert(x > 0)
         | |   
         0 false
  "
`;

exports[`still works if babel-plugin-espower is used for other assertions in the file 2`] = `
"  # test.js:2
  
  assert(x >= 0)
         | |    
         | false
         -1     
  "
`;

exports[`supports non-standard JSX syntax 1`] = `
"  # test.js:2
  
  assert(<div></div>.prop === 'expected')
                     |    |              
                     |    false          
                     \\"div\\"               
  
  --- [string] 'expected'
  +++ [string] <div></div>.prop
  @@ -1,8 +1,3 @@
  -expected
  +div
  
  "
`;
