// Jest Snapshot v1, https://goo.gl/fbAQLP

exports[`reports too few calls 1`] = `"Expected 4 call(s) to mock 'mock' with arguments Array [], but received 3 such call(s)."`;
