// Jest Snapshot v1, https://goo.gl/fbAQLP

exports[`generates code that looks hand-written 1`] = `
"import assert from \\"assert\\";
assert(1 === 1);
assert(2 === 2);
assert(3 === 4);
"
`;
