// Jest Snapshot v1, https://goo.gl/fbAQLP

exports[`produces correct output 1`] = `"AssertionError [ERR_ASSERTION]: (x === double(2)) is not truthy # tape.js:13 _assert(x === double(2), \\"(x === double(2)) is not truthy\\") | | | | | 4 3 false [number] double(2) => 4 [number] x => 3"`;
