// Jest Snapshot v1, https://goo.gl/fbAQLP

exports[`reports a transform error 1`] = `
"
    Internal error
  Error: Invalid plugin configuration:
  Error: Invalid plugin configuration:
  Invalid value true supplied to : Config/asdf: never"
`;
