// Jest Snapshot v1, https://goo.gl/fbAQLP

exports[`produces slightly too verbose output by default 1`] = `
"  ‚óè failing test

    assert.equal(received, expected) or assert(received) 

    Expected value to be equal to:
      true
    Received:
      false
"
`;
